2026-06-10 20:21:27,948 - INFO - ╔══════════════════════════════════════╗
2026-06-10 20:21:27,948 - INFO - ║   INICIO PIPELINE - ECOMMERCE        ║
2026-06-10 20:21:27,948 - INFO - ╚══════════════════════════════════════╝
2026-06-10 20:21:27,948 - INFO - >>> ETAPA 1: INGESTA
2026-06-10 20:21:28,147 - INFO - ====== INICIO PIPELINE - ETAPA 1: INGESTA ======
2026-06-10 20:21:28,147 - INFO - iniciando el data set clientes:D
2026-06-10 20:21:28,149 - INFO - Archivo cargado: data/raw/clientes.csv
2026-06-10 20:21:28,149 - INFO - shape: 83 filas y 9 columnas
2026-06-10 20:21:28,149 - INFO - lista : ['cliente_id', 'nombre', 'email', 'telefono', 'ciudad', 'pais', 'fecha_registro', 'edad', 'genero']
2026-06-10 20:21:28,149 - INFO - tipo de datos 
: cliente_id        str
nombre            str
email             str
telefono          str
ciudad            str
pais              str
fecha_registro    str
edad              str
genero            str
2026-06-10 20:21:28,150 - INFO - Valores nulos por columna:
cliente_id         0
nombre             0
email             14
telefono          19
ciudad             0
pais               0
fecha_registro    18
edad              15
genero            19
2026-06-10 20:21:28,151 - INFO - Duplicados: 0
2026-06-10 20:21:28,151 - INFO - Copia guardada en: data/raw/respaldo/clientes.csv
2026-06-10 20:21:28,151 - INFO - === Ingesta finalizada: clientes ===

2026-06-10 20:21:28,151 - INFO - iniciando el data set productos:D
2026-06-10 20:21:28,152 - INFO - Archivo cargado: data/raw/productos.csv
2026-06-10 20:21:28,152 - INFO - shape: 62 filas y 8 columnas
2026-06-10 20:21:28,152 - INFO - lista : ['producto_id', 'nombre', 'categoria', 'precio', 'stock', 'peso_kg', 'activo', 'proveedor']
2026-06-10 20:21:28,152 - INFO - tipo de datos 
: producto_id        str
nombre             str
categoria          str
precio             str
stock              str
peso_kg        float64
activo             str
proveedor          str
2026-06-10 20:21:28,152 - INFO - Valores nulos por columna:
producto_id     0
nombre          0
categoria       0
precio          7
stock          11
peso_kg        18
activo          8
proveedor       6
2026-06-10 20:21:28,153 - INFO - Duplicados: 0
2026-06-10 20:21:28,153 - INFO - Copia guardada en: data/raw/respaldo/productos.csv
2026-06-10 20:21:28,153 - INFO - === Ingesta finalizada: productos ===

2026-06-10 20:21:28,153 - INFO - iniciando el data set pedidos:D
2026-06-10 20:21:28,154 - INFO - Archivo cargado: data/raw/pedidos.csv
2026-06-10 20:21:28,154 - INFO - shape: 223 filas y 10 columnas
2026-06-10 20:21:28,154 - INFO - lista : ['pedido_id', 'cliente_id', 'producto_id', 'fecha_pedido', 'cantidad', 'precio_unitario', 'descuento_pct', 'total', 'estado', 'metodo_pago']
2026-06-10 20:21:28,154 - INFO - tipo de datos 
: pedido_id              str
cliente_id             str
producto_id            str
fecha_pedido           str
cantidad             int64
precio_unitario    float64
descuento_pct        int64
total              float64
estado                 str
metodo_pago            str
2026-06-10 20:21:28,155 - INFO - Valores nulos por columna:
pedido_id           0
cliente_id          0
producto_id         0
fecha_pedido        1
cantidad            0
precio_unitario     2
descuento_pct       0
total               5
estado             19
metodo_pago        16
2026-06-10 20:21:28,156 - INFO - Duplicados: 0
2026-06-10 20:21:28,156 - INFO - Copia guardada en: data/raw/respaldo/pedidos.csv
2026-06-10 20:21:28,156 - INFO - === Ingesta finalizada: pedidos ===

2026-06-10 20:21:28,156 - INFO - iniciando el data set devoluciones:D
2026-06-10 20:21:28,156 - INFO - Archivo cargado: data/raw/devoluciones.csv
2026-06-10 20:21:28,156 - INFO - shape: 52 filas y 8 columnas
2026-06-10 20:21:28,156 - INFO - lista : ['devolucion_id', 'pedido_id', 'cliente_id', 'fecha_devolucion', 'motivo', 'estado_devolucion', 'monto_reembolso', 'fecha_reembolso']
2026-06-10 20:21:28,157 - INFO - tipo de datos 
: devolucion_id            str
pedido_id                str
cliente_id               str
fecha_devolucion         str
motivo                   str
estado_devolucion        str
monto_reembolso      float64
fecha_reembolso          str
2026-06-10 20:21:28,157 - INFO - Valores nulos por columna:
devolucion_id         0
pedido_id             0
cliente_id            0
fecha_devolucion      1
motivo               11
estado_devolucion     8
monto_reembolso       0
fecha_reembolso       5
2026-06-10 20:21:28,158 - INFO - Duplicados: 0
2026-06-10 20:21:28,158 - INFO - Copia guardada en: data/raw/respaldo/devoluciones.csv
2026-06-10 20:21:28,158 - INFO - === Ingesta finalizada: devoluciones ===

2026-06-10 20:21:28,158 - INFO - Tablas ingestadas: ['clientes', 'productos', 'pedidos', 'devoluciones']
2026-06-10 20:21:28,158 - INFO - Tiempo total: 0:00:00.010486
2026-06-10 20:21:28,158 - INFO - ====== FIN ETAPA 1: INGESTA ======
2026-06-10 20:21:28,158 - INFO - ✓ Ingesta completada
2026-06-10 20:21:28,158 - INFO - >>> ETAPA 2: LIMPIEZA
2026-06-10 20:21:28,158 - INFO - ====== ETAPA 2: LIMPIEZA ======
2026-06-10 20:21:28,159 - INFO - inciando liempieza de usuario / clientes :D
2026-06-10 20:21:28,160 - INFO - datos duplicados eliminados: 0
2026-06-10 20:21:28,162 - INFO - Columna nueva creada: rango_etario
2026-06-10 20:21:28,164 - INFO - Clientes limpios: 62 filas
2026-06-10 20:21:28,165 - INFO - Guardado: data/processed/clientes_clean.csv
2026-06-10 20:21:28,166 - INFO - iniciando la limpieza de productos :D
2026-06-10 20:21:28,169 - INFO - Productos limpios: 17 filas
2026-06-10 20:21:28,170 - INFO - Guardado: data/processed/productos_clean.csv
2026-06-10 20:21:28,170 - INFO - iniciando la limpiezax de los pedidos :D
2026-06-10 20:21:28,173 - INFO - Total recalculado correctamente
2026-06-10 20:21:28,175 - INFO - Pedidos limpios: 197 filas
2026-06-10 20:21:28,176 - INFO - Guardado: data/processed/pedidos_clean.csv
2026-06-10 20:21:28,176 - INFO - inicinado limpieza de devoluciones :D
2026-06-10 20:21:28,179 - INFO - Devoluciones limpias: 44 filas
2026-06-10 20:21:28,180 - INFO - Guardado: data/processed/devoluciones_clean.csv
2026-06-10 20:21:28,180 - INFO - Tiempo: 0:00:00.021373
2026-06-10 20:21:28,180 - INFO - ====== FIN ETAPA 2 ======
2026-06-10 20:21:28,180 - INFO - ✓ Limpieza completada
2026-06-10 20:21:28,180 - INFO - >>> ETAPA 3: VALIDACIÓN
2026-06-10 20:21:28,289 - INFO - ====== ETAPA 3: VALIDACIÓN ======
2026-06-10 20:21:28,290 - INFO - === Validando: clientes (62 filas) ===
2026-06-10 20:21:28,614 - INFO - Válidos:   42
2026-06-10 20:21:28,614 - INFO - Inválidos: 20
2026-06-10 20:21:28,615 - INFO - === Validando: productos (17 filas) ===
2026-06-10 20:21:28,666 - INFO - Válidos:   17
2026-06-10 20:21:28,666 - INFO - Inválidos: 0
2026-06-10 20:21:28,667 - INFO - === Validando: pedidos (197 filas) ===
2026-06-10 20:21:29,282 - INFO - Válidos:   176
2026-06-10 20:21:29,282 - INFO - Inválidos: 21
2026-06-10 20:21:29,283 - INFO - === Validando: devoluciones (44 filas) ===
2026-06-10 20:21:29,462 - INFO - Válidos:   30
2026-06-10 20:21:29,462 - INFO - Inválidos: 14
2026-06-10 20:21:29,462 - INFO - Tiempo: 0:00:01.173743
2026-06-10 20:21:29,462 - INFO - ====== FIN ETAPA 3 ======
2026-06-10 20:21:29,462 - INFO - ✓ Validación completada
2026-06-10 20:21:29,462 - INFO - >>> ETAPA 4: CARGA A BASE DE DATOS
2026-06-10 20:21:29,551 - INFO - ====== ETAPA 4: CARGA ======
2026-06-10 20:21:29,564 - INFO - tablas creadas correctamente
2026-06-10 20:21:29,623 - INFO - tablas limpiadas correctamente
2026-06-10 20:21:29,625 - INFO - duplicados de cliente_id eliminados: 2
2026-06-10 20:21:29,626 - INFO - cargando clientes: 40 filas
2026-06-10 20:21:29,631 - INFO - ✓ commit exitoso: clientes
2026-06-10 20:21:29,636 - INFO - duplicados de producto_id eliminados: 0
2026-06-10 20:21:29,636 - INFO - cargando productos: 17 filas
2026-06-10 20:21:29,638 - INFO - ✓ commit exitoso: productos
2026-06-10 20:21:29,644 - INFO - duplicados de pedido_id eliminados: 3
2026-06-10 20:21:29,646 - INFO - pedidos con FK inválida eliminados: 152
2026-06-10 20:21:29,647 - INFO - cargando pedidos: 21 filas
2026-06-10 20:21:29,650 - INFO - ✓ commit exitoso: pedidos
2026-06-10 20:21:29,656 - INFO - duplicados de devolucion_id eliminados: 1
2026-06-10 20:21:29,658 - INFO - devoluciones con FK inválida eliminadas: 29
2026-06-10 20:21:29,659 - INFO - cargando devoluciones: 0 filas
2026-06-10 20:21:29,660 - INFO - ✓ commit exitoso: devoluciones
2026-06-10 20:21:29,661 - INFO - === verificación SQL ===
2026-06-10 20:21:29,661 - INFO - clientes: 40 registros cargados
2026-06-10 20:21:29,661 - INFO - productos: 17 registros cargados
2026-06-10 20:21:29,661 - INFO - pedidos: 21 registros cargados
2026-06-10 20:21:29,662 - INFO - devoluciones: 0 registros cargados
2026-06-10 20:21:29,663 - INFO - muestra JOIN pedidos-clientes-productos:
  pedido_id         cliente            producto    total
0     O0005   Carla Fuentes  Zapatillas Running  1116.14
1     O0010    Roberto Díaz  Zapatillas Running  2730.10
2     O0015     Pedro Silva          Laptop Pro   695.07
3     O0032  Luis Rodríguez  Zapatillas Running  1061.06
4     O0056     Pedro Silva         Mouse Gamer   479.03
2026-06-10 20:21:29,664 - INFO - muestra JOIN devoluciones-clientes:
Empty DataFrame
Columns: [devolucion_id, cliente, motivo, monto_reembolso, estado_devolucion]
Index: []
2026-06-10 20:21:29,664 - INFO - tiempo total: 0:00:00.113067
2026-06-10 20:21:29,664 - INFO - ====== FIN ETAPA 4 ======
2026-06-10 20:21:29,664 - INFO - ✓ Carga completada
2026-06-10 20:21:29,664 - INFO - Tiempo total: 0:00:01.716866
2026-06-10 20:21:29,664 - INFO - ╔══════════════════════════════════════╗
2026-06-10 20:21:29,664 - INFO - ║   PIPELINE COMPLETADO CON ÉXITO ✓    ║
2026-06-10 20:21:29,664 - INFO - ╚══════════════════════════════════════╝
2026-06-10 20:22:03,954 - INFO - ╔══════════════════════════════════════╗
2026-06-10 20:22:03,954 - INFO - ║   INICIO PIPELINE - ECOMMERCE        ║
2026-06-10 20:22:03,954 - INFO - ╚══════════════════════════════════════╝
2026-06-10 20:22:03,954 - INFO - >>> ETAPA 1: INGESTA
2026-06-10 20:22:04,169 - INFO - ====== INICIO PIPELINE - ETAPA 1: INGESTA ======
2026-06-10 20:22:04,169 - INFO - iniciando el data set clientes:D
2026-06-10 20:22:04,170 - INFO - Archivo cargado: data/raw/clientes.csv
2026-06-10 20:22:04,170 - INFO - shape: 83 filas y 9 columnas
2026-06-10 20:22:04,170 - INFO - lista : ['cliente_id', 'nombre', 'email', 'telefono', 'ciudad', 'pais', 'fecha_registro', 'edad', 'genero']
2026-06-10 20:22:04,171 - INFO - tipo de datos 
: cliente_id        str
nombre            str
email             str
telefono          str
ciudad            str
pais              str
fecha_registro    str
edad              str
genero            str
2026-06-10 20:22:04,172 - INFO - Valores nulos por columna:
cliente_id         0
nombre             0
email             14
telefono          19
ciudad             0
pais               0
fecha_registro    18
edad              15
genero            19
2026-06-10 20:22:04,173 - INFO - Duplicados: 0
2026-06-10 20:22:04,173 - INFO - Copia guardada en: data/raw/respaldo/clientes.csv
2026-06-10 20:22:04,173 - INFO - === Ingesta finalizada: clientes ===

2026-06-10 20:22:04,173 - INFO - iniciando el data set productos:D
2026-06-10 20:22:04,174 - INFO - Archivo cargado: data/raw/productos.csv
2026-06-10 20:22:04,174 - INFO - shape: 62 filas y 8 columnas
2026-06-10 20:22:04,174 - INFO - lista : ['producto_id', 'nombre', 'categoria', 'precio', 'stock', 'peso_kg', 'activo', 'proveedor']
2026-06-10 20:22:04,174 - INFO - tipo de datos 
: producto_id        str
nombre             str
categoria          str
precio             str
stock              str
peso_kg        float64
activo             str
proveedor          str
2026-06-10 20:22:04,175 - INFO - Valores nulos por columna:
producto_id     0
nombre          0
categoria       0
precio          7
stock          11
peso_kg        18
activo          8
proveedor       6
2026-06-10 20:22:04,176 - INFO - Duplicados: 0
2026-06-10 20:22:04,176 - INFO - Copia guardada en: data/raw/respaldo/productos.csv
2026-06-10 20:22:04,176 - INFO - === Ingesta finalizada: productos ===

2026-06-10 20:22:04,176 - INFO - iniciando el data set pedidos:D
2026-06-10 20:22:04,177 - INFO - Archivo cargado: data/raw/pedidos.csv
2026-06-10 20:22:04,177 - INFO - shape: 223 filas y 10 columnas
2026-06-10 20:22:04,177 - INFO - lista : ['pedido_id', 'cliente_id', 'producto_id', 'fecha_pedido', 'cantidad', 'precio_unitario', 'descuento_pct', 'total', 'estado', 'metodo_pago']
2026-06-10 20:22:04,178 - INFO - tipo de datos 
: pedido_id              str
cliente_id             str
producto_id            str
fecha_pedido           str
cantidad             int64
precio_unitario    float64
descuento_pct        int64
total              float64
estado                 str
metodo_pago            str
2026-06-10 20:22:04,178 - INFO - Valores nulos por columna:
pedido_id           0
cliente_id          0
producto_id         0
fecha_pedido        1
cantidad            0
precio_unitario     2
descuento_pct       0
total               5
estado             19
metodo_pago        16
2026-06-10 20:22:04,179 - INFO - Duplicados: 0
2026-06-10 20:22:04,179 - INFO - Copia guardada en: data/raw/respaldo/pedidos.csv
2026-06-10 20:22:04,179 - INFO - === Ingesta finalizada: pedidos ===

2026-06-10 20:22:04,179 - INFO - iniciando el data set devoluciones:D
2026-06-10 20:22:04,180 - INFO - Archivo cargado: data/raw/devoluciones.csv
2026-06-10 20:22:04,180 - INFO - shape: 52 filas y 8 columnas
2026-06-10 20:22:04,180 - INFO - lista : ['devolucion_id', 'pedido_id', 'cliente_id', 'fecha_devolucion', 'motivo', 'estado_devolucion', 'monto_reembolso', 'fecha_reembolso']
2026-06-10 20:22:04,181 - INFO - tipo de datos 
: devolucion_id            str
pedido_id                str
cliente_id               str
fecha_devolucion         str
motivo                   str
estado_devolucion        str
monto_reembolso      float64
fecha_reembolso          str
2026-06-10 20:22:04,181 - INFO - Valores nulos por columna:
devolucion_id         0
pedido_id             0
cliente_id            0
fecha_devolucion      1
motivo               11
estado_devolucion     8
monto_reembolso       0
fecha_reembolso       5
2026-06-10 20:22:04,182 - INFO - Duplicados: 0
2026-06-10 20:22:04,182 - INFO - Copia guardada en: data/raw/respaldo/devoluciones.csv
2026-06-10 20:22:04,182 - INFO - === Ingesta finalizada: devoluciones ===

2026-06-10 20:22:04,182 - INFO - Tablas ingestadas: ['clientes', 'productos', 'pedidos', 'devoluciones']
2026-06-10 20:22:04,182 - INFO - Tiempo total: 0:00:00.012955
2026-06-10 20:22:04,182 - INFO - ====== FIN ETAPA 1: INGESTA ======
2026-06-10 20:22:04,182 - INFO - ✓ Ingesta completada
2026-06-10 20:22:04,182 - INFO - >>> ETAPA 2: LIMPIEZA
2026-06-10 20:22:04,182 - INFO - ====== ETAPA 2: LIMPIEZA ======
2026-06-10 20:22:04,183 - INFO - inciando liempieza de usuario / clientes :D
2026-06-10 20:22:04,184 - INFO - datos duplicados eliminados: 0
2026-06-10 20:22:04,187 - INFO - Columna nueva creada: rango_etario
2026-06-10 20:22:04,189 - INFO - Clientes limpios: 62 filas
2026-06-10 20:22:04,191 - INFO - Guardado: data/processed/clientes_clean.csv
2026-06-10 20:22:04,191 - INFO - iniciando la limpieza de productos :D
2026-06-10 20:22:04,195 - INFO - Productos limpios: 17 filas
2026-06-10 20:22:04,196 - INFO - Guardado: data/processed/productos_clean.csv
2026-06-10 20:22:04,197 - INFO - iniciando la limpiezax de los pedidos :D
2026-06-10 20:22:04,199 - INFO - Total recalculado correctamente
2026-06-10 20:22:04,202 - INFO - Pedidos limpios: 197 filas
2026-06-10 20:22:04,203 - INFO - Guardado: data/processed/pedidos_clean.csv
2026-06-10 20:22:04,204 - INFO - inicinado limpieza de devoluciones :D
2026-06-10 20:22:04,207 - INFO - Devoluciones limpias: 44 filas
2026-06-10 20:22:04,208 - INFO - Guardado: data/processed/devoluciones_clean.csv
2026-06-10 20:22:04,208 - INFO - Tiempo: 0:00:00.025230
2026-06-10 20:22:04,208 - INFO - ====== FIN ETAPA 2 ======
2026-06-10 20:22:04,208 - INFO - ✓ Limpieza completada
2026-06-10 20:22:04,208 - INFO - >>> ETAPA 3: VALIDACIÓN
2026-06-10 20:22:04,329 - INFO - ====== ETAPA 3: VALIDACIÓN ======
2026-06-10 20:22:04,330 - INFO - === Validando: clientes (62 filas) ===
2026-06-10 20:22:04,648 - INFO - Válidos:   42
2026-06-10 20:22:04,648 - INFO - Inválidos: 20
2026-06-10 20:22:04,648 - INFO - === Validando: productos (17 filas) ===
2026-06-10 20:22:04,700 - INFO - Válidos:   17
2026-06-10 20:22:04,700 - INFO - Inválidos: 0
2026-06-10 20:22:04,701 - INFO - === Validando: pedidos (197 filas) ===
2026-06-10 20:22:05,311 - INFO - Válidos:   176
2026-06-10 20:22:05,312 - INFO - Inválidos: 21
2026-06-10 20:22:05,312 - INFO - === Validando: devoluciones (44 filas) ===
2026-06-10 20:22:05,491 - INFO - Válidos:   30
2026-06-10 20:22:05,491 - INFO - Inválidos: 14
2026-06-10 20:22:05,491 - INFO - Tiempo: 0:00:01.162564
2026-06-10 20:22:05,491 - INFO - ====== FIN ETAPA 3 ======
2026-06-10 20:22:05,491 - INFO - ✓ Validación completada
2026-06-10 20:22:05,491 - INFO - >>> ETAPA 4: CARGA A BASE DE DATOS
2026-06-10 20:22:05,575 - INFO - ====== ETAPA 4: CARGA ======
2026-06-10 20:22:05,588 - INFO - tablas creadas correctamente
2026-06-10 20:22:05,644 - INFO - tablas limpiadas correctamente
2026-06-10 20:22:05,646 - INFO - duplicados de cliente_id eliminados: 2
2026-06-10 20:22:05,647 - INFO - cargando clientes: 40 filas
2026-06-10 20:22:05,652 - INFO - ✓ commit exitoso: clientes
2026-06-10 20:22:05,657 - INFO - duplicados de producto_id eliminados: 0
2026-06-10 20:22:05,658 - INFO - cargando productos: 17 filas
2026-06-10 20:22:05,660 - INFO - ✓ commit exitoso: productos
2026-06-10 20:22:05,666 - INFO - duplicados de pedido_id eliminados: 3
2026-06-10 20:22:05,668 - INFO - pedidos con FK inválida eliminados: 152
2026-06-10 20:22:05,669 - INFO - cargando pedidos: 21 filas
2026-06-10 20:22:05,672 - INFO - ✓ commit exitoso: pedidos
2026-06-10 20:22:05,677 - INFO - duplicados de devolucion_id eliminados: 1
2026-06-10 20:22:05,679 - INFO - devoluciones con FK inválida eliminadas: 29
2026-06-10 20:22:05,680 - INFO - cargando devoluciones: 0 filas
2026-06-10 20:22:05,682 - INFO - ✓ commit exitoso: devoluciones
2026-06-10 20:22:05,682 - INFO - === verificación SQL ===
2026-06-10 20:22:05,682 - INFO - clientes: 40 registros cargados
2026-06-10 20:22:05,683 - INFO - productos: 17 registros cargados
2026-06-10 20:22:05,683 - INFO - pedidos: 21 registros cargados
2026-06-10 20:22:05,683 - INFO - devoluciones: 0 registros cargados
2026-06-10 20:22:05,685 - INFO - muestra JOIN pedidos-clientes-productos:
  pedido_id         cliente            producto    total
0     O0005   Carla Fuentes  Zapatillas Running  1116.14
1     O0010    Roberto Díaz  Zapatillas Running  2730.10
2     O0015     Pedro Silva          Laptop Pro   695.07
3     O0032  Luis Rodríguez  Zapatillas Running  1061.06
4     O0056     Pedro Silva         Mouse Gamer   479.03
2026-06-10 20:22:05,686 - INFO - muestra JOIN devoluciones-clientes:
Empty DataFrame
Columns: [devolucion_id, cliente, motivo, monto_reembolso, estado_devolucion]
Index: []
2026-06-10 20:22:05,686 - INFO - tiempo total: 0:00:00.110309
2026-06-10 20:22:05,686 - INFO - ====== FIN ETAPA 4 ======
2026-06-10 20:22:05,686 - INFO - ✓ Carga completada
2026-06-10 20:22:05,686 - INFO - Tiempo total: 0:00:01.731497
2026-06-10 20:22:05,686 - INFO - ╔══════════════════════════════════════╗
2026-06-10 20:22:05,686 - INFO - ║   PIPELINE COMPLETADO CON ÉXITO ✓    ║
2026-06-10 20:22:05,686 - INFO - ╚══════════════════════════════════════╝
